1.编辑redis.conf
/APPEND
appendonly no改为appendonly yes
appendfilename "appendonly.aof"
appendfsync everysec

2.重启redis
[root@pinyoyougou-docker redis]# /etc/init.d/redis_init_script stop
Stopping ...
Warning: Using a password with '-a' or '-u' option on the command line interface may not be safe.
Redis stopped
[root@pinyoyougou-docker redis]# /etc/init.d/redis_init_script start
Starting Redis server...
6508:C 22 Mar 2021 20:45:52.411 # oO0OoO0OoO0Oo Redis is starting oO0OoO0OoO0Oo
6508:C 22 Mar 2021 20:45:52.411 # Redis version=5.0.5, bits=64, commit=00000000, modified=0, pid=6508, just started
6508:C 22 Mar 2021 20:45:52.411 # Configuration loaded

[root@pinyoyougou-docker redis]# cd working/
[root@pinyoyougou-docker working]# ll
总用量 8
-rw-r--r--. 1 root root    0 3月  22 20:45 appendonly.aof
-rw-r--r--. 1 root root 5463 3月  22 20:45 dump.rdb

3.编辑redis.conf
正在重写时，不做同步
no-appendfsync-on-rewrite no

# Automatic rewrite of the append only file.
# Redis is able to automatically rewrite the log file implicitly calling
# BGREWRITEAOF when the AOF log size grows by the specified percentage.
#
# This is how it works: Redis remembers the size of the AOF file after the
# latest rewrite (if no rewrite has happened since the restart, the size of
# the AOF at startup is used).
#
# This base size is compared to the current size. If the current size is
# bigger than the specified percentage, the rewrite is triggered. Also
# you need to specify a minimal size for the AOF file to be rewritten, this
# is useful to avoid rewriting the AOF file even if the percentage increase
# is reached but it is still pretty small.
#
# Specify a percentage of zero in order to disable the automatic AOF
# rewrite feature.
# 重写编写aop文件过大，满足下面两个条件，触发重写压缩
auto-aof-rewrite-percentage 100
auto-aof-rewrite-min-size 64mb

4.AOF备份数据
[root@pinyoyougou-docker working]# redis-cli
127.0.0.1:6379> auth
(error) ERR wrong number of arguments for 'auth' command
127.0.0.1:6379> auth imooc
OK
127.0.0.1:6379> keys *
1) "sex"
2) "age"
3) "imooc"
127.0.0.1:6379> flushdb
OK
127.0.0.1:6379>
[root@pinyoyougou-docker working]# ll
总用量 8
-rw-r--r--. 1 root root 135 3月  22 20:55 appendonly.aof
-rw-r--r--. 1 root root  92 3月  22 20:55 dump.rdb
[root@pinyoyougou-docker working]# vim appendonly.aof
删除flushDB
[root@pinyoyougou-docker working]# /etc/init.d/redis_init_script stop
Stopping ...
Warning: Using a password with '-a' or '-u' option on the command line interface may not be safe.
Redis stopped
[root@pinyoyougou-docker working]# vim appendonly.aof
[root@pinyoyougou-docker working]# /etc/init.d/redis_init_script start
Starting Redis server...
6552:C 22 Mar 2021 20:56:21.282 # oO0OoO0OoO0Oo Redis is starting oO0OoO0OoO0Oo
6552:C 22 Mar 2021 20:56:21.282 # Redis version=5.0.5, bits=64, commit=00000000, modified=0, pid=6552, just started
6552:C 22 Mar 2021 20:56:21.282 # Configuration loaded
[root@pinyoyougou-docker working]# ll
总用量 8
-rw-r--r--. 1 root root 118 3月  22 20:56 appendonly.aof
-rw-r--r--. 1 root root  92 3月  22 20:56 dump.rdb
[root@pinyoyougou-docker working]# redis-cli
127.0.0.1:6379> auth imooc
OK
127.0.0.1:6379> keys *
1) "sex"
2) "age"
3) "imooc"