3-1 Redis 的发布（pub）与订阅（sub）（10分钟）



3-2 Redis的持久化机制 - RDB（20分钟）
1.进入redis目录
cd /usr/local/redis/
vim redis.conf
/SNA

2.数据文件存储目录
dbfilename dump.rdb
dir /usr/local/redis/working

3.rdb备份时间
#   In the example below the behaviour will be to save:
#   after 900 sec (15 min) if at least 1 key changed
#   after 300 sec (5 min) if at least 10 keys changed
#   after 60 sec if at least 10000 keys changed
#
#   Note: you can disable saving completely by commenting out all "save" lines.
#
#   It is also possible to remove all the previously configured save
#   points by adding a save directive with a single empty string argument
#   like in the following example:
#
#   save ""

save 900 1（key至少发生一次key更改，15分钟后保存快照）
save 300 10（key至少发生10次更改，5分钟后保存快照）
save 60 100（key至少发生100次更改，1分钟后保存快照）
save 10 3 （ke至少发生3次key更改，10秒后rdb备份）（新增）

重启redis
/etc/init.d/redis_init_script stop
/etc/init.d/redis_init_script start

查看详细时间
-rw-r--r--. 1 root root 5482 2021-03-21 22:04:23.442470952 +0800 dump.rdb
[root@pinyoyougou-docker working]# ll --full-time


打开客户端2
127.0.0.1:6379> keys *
1) "zset"
127.0.0.1:6379> flushdb
OK
127.0.0.1:6379> keys *
(empty list or set)
127.0.0.1:6379> set aa aa
OK
127.0.0.1:6379> set bb bb
OK
127.0.0.1:6379> set cc cc
OK
127.0.0.1:6379>

设置值之后，rdb文件更新时间发生更改
[root@pinyoyougou-docker working]# ll --full-time
总用量 8
-rw-r--r--. 1 root root 5442 2021-03-21 22:06:36.061475144 +0800 dump.rdb

4.保存错误时停止写（vim redis.conf）
stop-writes-on-bgsave-error yes


5.开启rdb压缩，但是消耗CPU
# Compress string objects using LZF when dump .rdb databases?
# For default that's set to 'yes' as it's almost always a win.
# If you want to save some CPU in the saving child set it to 'no' but
# the dataset will likely be bigger if you have compressible values or keys.
rdbcompression yes

6.压缩对数据进行校验（有性能损耗）
# Since version 5 of RDB a CRC64 checksum is placed at the end of the file.
# This makes the format more resistant to corruption but there is a performance
# hit to pay (around 10%) when saving and loading RDB files, so you can disable it
# for maximum performances.
#
# RDB files created with checksum disabled have a checksum of zero that will
# tell the loading code to skip the check.
rdbchecksum yes



3-3 附：Redis的持久化机制 - RDB